Initialized native services in: /Users/alinatsrkova/.gradle/native
Initialized jansi services in: /Users/alinatsrkova/.gradle/native
To honour the JVM settings for this build a single-use Daemon process will be forked. For more on this, please refer to https://docs.gradle.org/8.14.3/userguide/gradle_daemon.html#sec:disabling_the_daemon in the Gradle documentation.
Starting process 'Gradle build daemon'. Working directory: /Users/alinatsrkova/.gradle/daemon/8.14.3 Command: /Library/Java/JavaVirtualMachines/temurin-21.jdk/Contents/Home/bin/java --add-opens=java.base/java.lang=ALL-UNNAMED --add-opens=java.base/java.lang.invoke=ALL-UNNAMED --add-opens=java.base/java.util=ALL-UNNAMED --add-opens=java.prefs/java.util.prefs=ALL-UNNAMED --add-exports=jdk.compiler/com.sun.tools.javac.api=ALL-UNNAMED --add-exports=jdk.compiler/com.sun.tools.javac.util=ALL-UNNAMED --add-opens=java.base/java.util=ALL-UNNAMED --add-opens=java.prefs/java.util.prefs=ALL-UNNAMED --add-opens=java.base/java.nio.charset=ALL-UNNAMED --add-opens=java.base/java.net=ALL-UNNAMED --add-opens=java.base/java.util.concurrent.atomic=ALL-UNNAMED --add-opens=java.xml/javax.xml.namespace=ALL-UNNAMED -XX:MaxMetaspaceSize=384m -XX:+HeapDumpOnOutOfMemoryError -Xms256m -Xmx512m -Dfile.encoding=UTF-8 -Duser.country=RU -Duser.language=ru -Duser.variant -cp /Users/alinatsrkova/.gradle/wrapper/dists/gradle-8.14.3-bin/cv11ve7ro1n3o1j4so8xd9n66/gradle-8.14.3/lib/gradle-daemon-main-8.14.3.jar -javaagent:/Users/alinatsrkova/.gradle/wrapper/dists/gradle-8.14.3-bin/cv11ve7ro1n3o1j4so8xd9n66/gradle-8.14.3/lib/agents/gradle-instrumentation-agent-8.14.3.jar org.gradle.launcher.daemon.bootstrap.GradleDaemon 8.14.3
Successfully started process 'Gradle build daemon'
An attempt to start the daemon took 0.587 secs.
The client will now receive all logging from the daemon (pid: 66227). The daemon log file: /Users/alinatsrkova/.gradle/daemon/8.14.3/daemon-66227.out.log
Daemon will be stopped at the end of the build 
Using 8 worker leases.
Received JVM installation metadata from '/Library/Java/JavaVirtualMachines/temurin-21.jdk/Contents/Home': {JAVA_HOME=/Library/Java/JavaVirtualMachines/temurin-21.jdk/Contents/Home, JAVA_VERSION=21.0.7, JAVA_VENDOR=Eclipse Adoptium, RUNTIME_NAME=OpenJDK Runtime Environment, RUNTIME_VERSION=21.0.7+6-LTS, VM_NAME=OpenJDK 64-Bit Server VM, VM_VERSION=21.0.7+6-LTS, VM_VENDOR=Eclipse Adoptium, OS_ARCH=aarch64}
Watching the file system is configured to be enabled if available
Now considering [/Users/alinatsrkova/taskmanager/taskmanager] as hierarchies to watch
File system watching is active
Starting Build
Settings evaluated using settings file '/Users/alinatsrkova/taskmanager/taskmanager/settings.gradle'.
Projects loaded. Root project using build file '/Users/alinatsrkova/taskmanager/taskmanager/build.gradle'.
Included projects: [root project 'taskmanager']

> Configure project :
Evaluating root project 'taskmanager' using build file '/Users/alinatsrkova/taskmanager/taskmanager/build.gradle'.
Resolved plugin [id: 'java']
Resolved plugin [id: 'org.springframework.boot', version: '3.5.6']
Resolved plugin [id: 'io.spring.dependency-management', version: '1.1.7']
Applying dependency management to configuration 'annotationProcessor' in project 'taskmanager'
Applying dependency management to configuration 'apiElements' in project 'taskmanager'
Applying dependency management to configuration 'archives' in project 'taskmanager'
Applying dependency management to configuration 'bootArchives' in project 'taskmanager'
Applying dependency management to configuration 'compileClasspath' in project 'taskmanager'
Applying dependency management to configuration 'compileOnly' in project 'taskmanager'
Applying dependency management to configuration 'default' in project 'taskmanager'
Applying dependency management to configuration 'developmentOnly' in project 'taskmanager'
Applying dependency management to configuration 'implementation' in project 'taskmanager'
Applying dependency management to configuration 'mainSourceElements' in project 'taskmanager'
Applying dependency management to configuration 'productionRuntimeClasspath' in project 'taskmanager'
Applying dependency management to configuration 'runtimeClasspath' in project 'taskmanager'
Applying dependency management to configuration 'runtimeElements' in project 'taskmanager'
Applying dependency management to configuration 'runtimeOnly' in project 'taskmanager'
Applying dependency management to configuration 'testAndDevelopmentOnly' in project 'taskmanager'
Applying dependency management to configuration 'testAnnotationProcessor' in project 'taskmanager'
Applying dependency management to configuration 'testCompileClasspath' in project 'taskmanager'
Applying dependency management to configuration 'testCompileOnly' in project 'taskmanager'
Applying dependency management to configuration 'testImplementation' in project 'taskmanager'
Applying dependency management to configuration 'testResultsElementsForTest' in project 'taskmanager'
Applying dependency management to configuration 'testRuntimeClasspath' in project 'taskmanager'
Applying dependency management to configuration 'testRuntimeOnly' in project 'taskmanager'
All projects evaluated.
Task name matched 'bootRun'
Selected primary task 'bootRun' from project :
Starting process 'command '/usr/libexec/java_home''. Working directory: /Users/alinatsrkova/.gradle/daemon/8.14.3 Command: /usr/libexec/java_home -V
Successfully started process 'command '/usr/libexec/java_home''
Resolving global dependency management for project 'taskmanager'
Excluding []
Excluding []
Excluding []
Excluding []
Excluding []
Tasks to be executed: [task ':compileJava', task ':processResources', task ':classes', task ':resolveMainClassName', task ':bootRun']
Tasks that were excluded: []
Resolve mutations for :compileJava (Thread[#151,Execution worker Thread 2,5,main]) started.
:compileJava (Thread[#151,Execution worker Thread 2,5,main]) started.

> Task :compileJava UP-TO-DATE
Custom actions are attached to task ':compileJava'.
Caching disabled for task ':compileJava' because:
  Build cache is disabled
Skipping task ':compileJava' as it is up-to-date.
Resolve mutations for :processResources (Thread[#151,Execution worker Thread 2,5,main]) started.
:processResources (Thread[#151,Execution worker Thread 2,5,main]) started.

> Task :processResources UP-TO-DATE
Caching disabled for task ':processResources' because:
  Build cache is disabled
  Not worth caching
Skipping task ':processResources' as it is up-to-date.
Resolve mutations for :classes (Thread[#151,Execution worker Thread 2,5,main]) started.
:classes (Thread[#151,Execution worker Thread 2,5,main]) started.

> Task :classes UP-TO-DATE
Skipping task ':classes' as it has no actions.
Resolve mutations for :resolveMainClassName (Thread[#151,Execution worker Thread 2,5,main]) started.
:resolveMainClassName (Thread[#151,Execution worker Thread 2,5,main]) started.

> Task :resolveMainClassName UP-TO-DATE
Caching disabled for task ':resolveMainClassName' because:
  Build cache is disabled
  Not worth caching
Skipping task ':resolveMainClassName' as it is up-to-date.
Resolve mutations for :bootRun (Thread[#151,Execution worker Thread 2,5,main]) started.
:bootRun (Thread[#151,Execution worker Thread 2,5,main]) started.

> Task :bootRun
Caching disabled for task ':bootRun' because:
  Build cache is disabled
Task ':bootRun' is not up-to-date because:
  Task has not declared any outputs despite executing actions.
Starting process 'command '/Library/Java/JavaVirtualMachines/temurin-21.jdk/Contents/Home/bin/java''. Working directory: /Users/alinatsrkova/taskmanager/taskmanager Command: /Library/Java/JavaVirtualMachines/temurin-21.jdk/Contents/Home/bin/java -XX:TieredStopAtLevel=1 -Dfile.encoding=UTF-8 -Duser.country=RU -Duser.language=ru -Duser.variant -cp /Users/alinatsrkova/taskmanager/taskmanager/build/classes/java/main:/Users/alinatsrkova/taskmanager/taskmanager/build/resources/main:/Users/alinatsrkova/.gradle/caches/modules-2/files-2.1/org.springframework.boot/spring-boot-devtools/3.5.6/cef8469fb0f018e4180f9244ffb8e6076621987e/spring-boot-devtools-3.5.6.jar:/Users/alinatsrkova/.gradle/caches/modules-2/files-2.1/org.springframework.boot/spring-boot-autoconfigure/3.5.6/6b8fc2519774de4e82b0dbb5651093ce2ca20836/spring-boot-autoconfigure-3.5.6.jar:/Users/alinatsrkova/.gradle/caches/modules-2/files-2.1/org.springframework.boot/spring-boot/3.5.6/a02f486ab700dad1f81e54cb37651d92a3f9d700/spring-boot-3.5.6.jar:/Users/alinatsrkova/.gradle/caches/modules-2/files-2.1/org.apache.tomcat.embed/tomcat-embed-el/10.1.46/e1fc6986d030e791415535e28fd21c0be11810de/tomcat-embed-el-10.1.46.jar:/Users/alinatsrkova/.gradle/caches/modules-2/files-2.1/org.hibernate.validator/hibernate-validator/8.0.3.Final/4425f554297a1c5ba03a3f30e559a9fd91048cf8/hibernate-validator-8.0.3.Final.jar:/Users/alinatsrkova/.gradle/caches/modules-2/files-2.1/org.springframework/spring-webmvc/6.2.11/3313fe95e06c1d3c94d00301cbed56ed1a9d2a86/spring-webmvc-6.2.11.jar:/Users/alinatsrkova/.gradle/caches/modules-2/files-2.1/org.springframework/spring-web/6.2.11/e590ac3e1aaea2d34a5ccb5c25ad84acbada8468/spring-web-6.2.11.jar:/Users/alinatsrkova/.gradle/caches/modules-2/files-2.1/org.springframework/spring-context/6.2.11/bbfb4d55385b2b65ecaf04937d209cf467eaba2f/spring-context-6.2.11.jar:/Users/alinatsrkova/.gradle/caches/modules-2/files-2.1/org.springframework/spring-aop/6.2.11/1e970383810700506d646c2fa8943725f123f000/spring-aop-6.2.11.jar:/Users/alinatsrkova/.gradle/caches/modules-2/files-2.1/org.springframework/spring-beans/6.2.11/8d92eb837b70094d7316f6a07770eefd360bc53c/spring-beans-6.2.11.jar:/Users/alinatsrkova/.gradle/caches/modules-2/files-2.1/org.springframework/spring-expression/6.2.11/7190c1c69576516efef1a061d956dccf17cb0b86/spring-expression-6.2.11.jar:/Users/alinatsrkova/.gradle/caches/modules-2/files-2.1/org.springframework/spring-core/6.2.11/f4860eb6ea92abb8ae6c5e82e2e7efc395cef8d/spring-core-6.2.11.jar:/Users/alinatsrkova/.gradle/caches/modules-2/files-2.1/jakarta.annotation/jakarta.annotation-api/2.1.1/48b9bda22b091b1f48b13af03fe36db3be6e1ae3/jakarta.annotation-api-2.1.1.jar:/Users/alinatsrkova/.gradle/caches/modules-2/files-2.1/org.yaml/snakeyaml/2.4/e0666b825b796f85521f02360e77f4c92c5a7a07/snakeyaml-2.4.jar:/Users/alinatsrkova/.gradle/caches/modules-2/files-2.1/jakarta.validation/jakarta.validation-api/3.0.2/92b6631659ba35ca09e44874d3eb936edfeee532/jakarta.validation-api-3.0.2.jar:/Users/alinatsrkova/.gradle/caches/modules-2/files-2.1/org.jboss.logging/jboss-logging/3.6.1.Final/886afbb445b4016a37c8960a7aef6ebd769ce7e5/jboss-logging-3.6.1.Final.jar:/Users/alinatsrkova/.gradle/caches/modules-2/files-2.1/com.fasterxml/classmate/1.7.0/e98374da1f2143ac8e6e0a95036994bb19137a3/classmate-1.7.0.jar:/Users/alinatsrkova/.gradle/caches/modules-2/files-2.1/com.fasterxml.jackson.datatype/jackson-datatype-jsr310/2.19.2/72e73f048b36d9df82aef146bf8b2ae63b2e28e2/jackson-datatype-jsr310-2.19.2.jar:/Users/alinatsrkova/.gradle/caches/modules-2/files-2.1/com.fasterxml.jackson.module/jackson-module-parameter-names/2.19.2/3c4ce467c11364c72ec4967c570fd5a2d1be1d0b/jackson-module-parameter-names-2.19.2.jar:/Users/alinatsrkova/.gradle/caches/modules-2/files-2.1/com.fasterxml.jackson.core/jackson-annotations/2.19.2/c5381f11988ae3d424b197a26087d86067b6d7d/jackson-annotations-2.19.2.jar:/Users/alinatsrkova/.gradle/caches/modules-2/files-2.1/com.fasterxml.jackson.core/jackson-core/2.19.2/50f3b4bd59b9ff51a0ed493e7b5abaf5c39709bf/jackson-core-2.19.2.jar:/Users/alinatsrkova/.gradle/caches/modules-2/files-2.1/com.fasterxml.jackson.datatype/jackson-datatype-jdk8/2.19.2/a720d3946c3a1ab04b780f3b3163d62eee6948a0/jackson-datatype-jdk8-2.19.2.jar:/Users/alinatsrkova/.gradle/caches/modules-2/files-2.1/com.fasterxml.jackson.core/jackson-databind/2.19.2/46509399d28f57ca32c6bb4b0d4e10e8f062051e/jackson-databind-2.19.2.jar:/Users/alinatsrkova/.gradle/caches/modules-2/files-2.1/org.apache.tomcat.embed/tomcat-embed-websocket/10.1.46/e98da6e2f659ec02062d2c84a07b7262e82d8b74/tomcat-embed-websocket-10.1.46.jar:/Users/alinatsrkova/.gradle/caches/modules-2/files-2.1/org.apache.tomcat.embed/tomcat-embed-core/10.1.46/64d4eee6e42eb61492a7b84d458327bfb1c1d957/tomcat-embed-core-10.1.46.jar:/Users/alinatsrkova/.gradle/caches/modules-2/files-2.1/io.micrometer/micrometer-observation/1.15.4/8cd0aed0ff098a7937f2f8f81705840f2d60a432/micrometer-observation-1.15.4.jar:/Users/alinatsrkova/.gradle/caches/modules-2/files-2.1/org.springframework/spring-jcl/6.2.11/819fc7e968ac07d4b042be7cfb8d99c267142ac7/spring-jcl-6.2.11.jar:/Users/alinatsrkova/.gradle/caches/modules-2/files-2.1/ch.qos.logback/logback-classic/1.5.18/fc371f3fc97a639de2d67947cffb7518ec5e3d40/logback-classic-1.5.18.jar:/Users/alinatsrkova/.gradle/caches/modules-2/files-2.1/org.apache.logging.log4j/log4j-to-slf4j/2.24.3/da1143e2a2531ee1c2d90baa98eb50a28a39d5a7/log4j-to-slf4j-2.24.3.jar:/Users/alinatsrkova/.gradle/caches/modules-2/files-2.1/org.slf4j/jul-to-slf4j/2.0.17/524cb6ccc2b68a57604750e1ab8b13b5a786a6aa/jul-to-slf4j-2.0.17.jar:/Users/alinatsrkova/.gradle/caches/modules-2/files-2.1/io.micrometer/micrometer-commons/1.15.4/f73f10deeee5700b15c2f0f41ae79e2689b39613/micrometer-commons-1.15.4.jar:/Users/alinatsrkova/.gradle/caches/modules-2/files-2.1/ch.qos.logback/logback-core/1.5.18/6c0375624f6f36b4e089e2488ba21334a11ef13f/logback-core-1.5.18.jar:/Users/alinatsrkova/.gradle/caches/modules-2/files-2.1/org.slf4j/slf4j-api/2.0.17/d9e58ac9c7779ba3bf8142aff6c830617a7fe60f/slf4j-api-2.0.17.jar:/Users/alinatsrkova/.gradle/caches/modules-2/files-2.1/org.apache.logging.log4j/log4j-api/2.24.3/b02c125db8b6d295adf72ae6e71af5d83bce2370/log4j-api-2.24.3.jar com.alina.taskmanager.TaskmanagerApplication
Successfully started process 'command '/Library/Java/JavaVirtualMachines/temurin-21.jdk/Contents/Home/bin/java''

  .   ____          _            __ _ _
 /\\ / ___'_ __ _ _(_)_ __  __ _ \ \ \ \
( ( )\___ | '_ | '_| | '_ \/ _` | \ \ \ \
 \\/  ___)| |_)| | | | | || (_| |  ) ) ) )
  '  |____| .__|_| |_|_| |_\__, | / / / /
 =========|_|==============|___/=/_/_/_/

 :: Spring Boot ::                (v3.5.6)

2025-09-25T21:53:09.950+03:00  INFO 66286 --- [taskmanager] [  restartedMain] c.a.taskmanager.TaskmanagerApplication   : Starting TaskmanagerApplication using Java 21.0.7 with PID 66286 (/Users/alinatsrkova/taskmanager/taskmanager/build/classes/java/main started by alinatsrkova in /Users/alinatsrkova/taskmanager/taskmanager)
2025-09-25T21:53:09.951+03:00  INFO 66286 --- [taskmanager] [  restartedMain] c.a.taskmanager.TaskmanagerApplication   : The following 1 profile is active: "inmemory"
2025-09-25T21:53:09.970+03:00  INFO 66286 --- [taskmanager] [  restartedMain] .e.DevToolsPropertyDefaultsPostProcessor : Devtools property defaults active! Set 'spring.devtools.add-properties' to 'false' to disable
2025-09-25T21:53:09.971+03:00  INFO 66286 --- [taskmanager] [  restartedMain] .e.DevToolsPropertyDefaultsPostProcessor : For additional web related logging consider setting the 'logging.level.web' property to 'DEBUG'
2025-09-25T21:53:10.501+03:00  INFO 66286 --- [taskmanager] [  restartedMain] o.s.b.w.embedded.tomcat.TomcatWebServer  : Tomcat initialized with port 8080 (http)
2025-09-25T21:53:10.514+03:00  INFO 66286 --- [taskmanager] [  restartedMain] o.apache.catalina.core.StandardService   : Starting service [Tomcat]
2025-09-25T21:53:10.514+03:00  INFO 66286 --- [taskmanager] [  restartedMain] o.apache.catalina.core.StandardEngine    : Starting Servlet engine: [Apache Tomcat/10.1.46]
2025-09-25T21:53:10.532+03:00  INFO 66286 --- [taskmanager] [  restartedMain] o.a.c.c.C.[Tomcat].[localhost].[/]       : Initializing Spring embedded WebApplicationContext
2025-09-25T21:53:10.533+03:00  INFO 66286 --- [taskmanager] [  restartedMain] w.s.c.ServletWebServerApplicationContext : Root WebApplicationContext: initialization completed in 562 ms
2025-09-25T21:53:10.735+03:00  INFO 66286 --- [taskmanager] [  restartedMain] o.s.b.d.a.OptionalLiveReloadServer       : LiveReload server is running on port 35729
2025-09-25T21:53:10.750+03:00  INFO 66286 --- [taskmanager] [  restartedMain] o.s.b.w.embedded.tomcat.TomcatWebServer  : Tomcat started on port 8080 (http) with context path '/'
2025-09-25T21:53:10.757+03:00  INFO 66286 --- [taskmanager] [  restartedMain] c.a.taskmanager.TaskmanagerApplication   : Started TaskmanagerApplication in 0.982 seconds (process running for 1.145)
